// Jest Snapshot v1, https://goo.gl/fbAQLP

exports[`OrderConcernGroup renders correctly with valid props 1`] = `""`;
