// Jest Snapshot v1, https://goo.gl/fbAQLP

exports[`EventListContainer renders correctly with valid props 1`] = `
<div
  className="eventList"
>
  <div
    className="stereo"
  >
    <h3
      className="eventList-hd"
    >
      September
    </h3>
    <div>
      <a
        className="link"
        href="meal_schedules/new"
      >
        New Schedule
      </a>
    </div>
  </div>
  <ul
    className="eventList-bd"
  >
    <DayScheduleList
      assemblies={
        Object {
          "1": Object {
            "created_at": "2019-07-29T22:49:47.431Z",
            "id": 1,
            "name": "Souvlaki",
            "updated_at": "2019-07-29T22:49:47.431Z",
          },
          "2": Object {
            "created_at": "2019-07-29T22:49:47.519Z",
            "id": 2,
            "name": "Chilli con Carne",
            "updated_at": "2019-07-29T22:49:47.519Z",
          },
        }
      }
      daySchedule="2019-09-24T00:00:00.000Z"
      items={
        Object {
          "13": Object {
            "created_at": "2019-07-21T16:03:33.162Z",
            "department_id": 3,
            "id": 13,
            "name": "Agave Syrup",
            "updated_at": "2019-07-21T16:03:33.162Z",
          },
          "15": Object {
            "created_at": "2019-07-21T16:03:33.162Z",
            "department_id": 5,
            "id": 15,
            "name": "Agave Syrup",
            "updated_at": "2019-07-21T16:03:33.162Z",
          },
        }
      }
      key="daysSchedule-0"
      mealScheduleMap={
        Object {
          "2019-09-24T00:00:00.000Z": Array [
            Object {
              "assembly_id": null,
              "created_at": "2019-09-04T01:00:35.645Z",
              "id": 1,
              "item_id": 15,
              "meal_time": "none",
              "order_item_id": null,
              "purchased": false,
              "schedule_date": "2019-09-24T00:00:00.000Z",
              "updated_at": "2019-09-04T01:00:35.645Z",
            },
            Object {
              "assembly_id": 2,
              "created_at": "2019-09-04T01:00:35.645Z",
              "id": 2,
              "item_id": null,
              "meal_time": "none",
              "order_item_id": null,
              "purchased": false,
              "schedule_date": "2019-09-24T00:00:00.000Z",
              "updated_at": "2019-09-04T01:00:35.645Z",
            },
          ],
          "2019-09-29T00:00:00.000Z": Array [
            Object {
              "assembly_id": 2,
              "created_at": "2019-09-03T01:00:35.645Z",
              "id": 3,
              "item_id": null,
              "meal_time": "none",
              "order_item_id": null,
              "purchased": false,
              "schedule_date": "2019-09-29T00:00:00.000Z",
              "updated_at": "2019-09-07T01:00:35.645Z",
            },
          ],
        }
      }
      onClickRemoveHandler={[Function]}
    />
    <DayScheduleList
      assemblies={
        Object {
          "1": Object {
            "created_at": "2019-07-29T22:49:47.431Z",
            "id": 1,
            "name": "Souvlaki",
            "updated_at": "2019-07-29T22:49:47.431Z",
          },
          "2": Object {
            "created_at": "2019-07-29T22:49:47.519Z",
            "id": 2,
            "name": "Chilli con Carne",
            "updated_at": "2019-07-29T22:49:47.519Z",
          },
        }
      }
      daySchedule="2019-09-29T00:00:00.000Z"
      items={
        Object {
          "13": Object {
            "created_at": "2019-07-21T16:03:33.162Z",
            "department_id": 3,
            "id": 13,
            "name": "Agave Syrup",
            "updated_at": "2019-07-21T16:03:33.162Z",
          },
          "15": Object {
            "created_at": "2019-07-21T16:03:33.162Z",
            "department_id": 5,
            "id": 15,
            "name": "Agave Syrup",
            "updated_at": "2019-07-21T16:03:33.162Z",
          },
        }
      }
      key="daysSchedule-1"
      mealScheduleMap={
        Object {
          "2019-09-24T00:00:00.000Z": Array [
            Object {
              "assembly_id": null,
              "created_at": "2019-09-04T01:00:35.645Z",
              "id": 1,
              "item_id": 15,
              "meal_time": "none",
              "order_item_id": null,
              "purchased": false,
              "schedule_date": "2019-09-24T00:00:00.000Z",
              "updated_at": "2019-09-04T01:00:35.645Z",
            },
            Object {
              "assembly_id": 2,
              "created_at": "2019-09-04T01:00:35.645Z",
              "id": 2,
              "item_id": null,
              "meal_time": "none",
              "order_item_id": null,
              "purchased": false,
              "schedule_date": "2019-09-24T00:00:00.000Z",
              "updated_at": "2019-09-04T01:00:35.645Z",
            },
          ],
          "2019-09-29T00:00:00.000Z": Array [
            Object {
              "assembly_id": 2,
              "created_at": "2019-09-03T01:00:35.645Z",
              "id": 3,
              "item_id": null,
              "meal_time": "none",
              "order_item_id": null,
              "purchased": false,
              "schedule_date": "2019-09-29T00:00:00.000Z",
              "updated_at": "2019-09-07T01:00:35.645Z",
            },
          ],
        }
      }
      onClickRemoveHandler={[Function]}
    />
  </ul>
</div>
`;
