// Jest Snapshot v1, https://goo.gl/fbAQLP

exports[`Notice renders correctly with valid props 1`] = `
<div
  className="notice"
>
  this is a notice!
</div>
`;
