// Jest Snapshot v1, https://goo.gl/fbAQLP

exports[`RecipeFormContainer renders correctly with valid props 1`] = `
<div>
  RecipeFormContainer
</div>
`;
