// Jest Snapshot v1, https://goo.gl/fbAQLP

exports[`CalendarContainer renders correctly with valid props 1`] = `
<div
  className="calendar"
>
  <div
    className="calendar-hd"
  >
    <div
      className="calendar-hd-btn"
    >
      <button
        className="btn"
        onClick={[Function]}
        type="button"
      >
        &lt;
      </button>
    </div>
    <div
      className="calendar-hd-title"
      onClick={[Function]}
    >
      Sep
       - 
      2019
    </div>
    <div
      className="calendar-hd-btn"
    >
      <button
        className="btn"
        onClick={[Function]}
        type="button"
      >
        &gt;
      </button>
    </div>
  </div>
  <div
    className="calendar-bd"
  >
    <table
      className="calendarTable"
    >
      <thead>
        <tr>
          <th
            className="calendarTable-th"
            key="weekdayHeader-Sun"
          >
            Sun
          </th>
          <th
            className="calendarTable-th"
            key="weekdayHeader-Mon"
          >
            Mon
          </th>
          <th
            className="calendarTable-th"
            key="weekdayHeader-Tue"
          >
            Tue
          </th>
          <th
            className="calendarTable-th"
            key="weekdayHeader-Wed"
          >
            Wed
          </th>
          <th
            className="calendarTable-th"
            key="weekdayHeader-Thu"
          >
            Thu
          </th>
          <th
            className="calendarTable-th"
            key="weekdayHeader-Fri"
          >
            Fri
          </th>
          <th
            className="calendarTable-th"
            key="weekdayHeader-Sat"
          >
            Sat
          </th>
        </tr>
      </thead>
      <tbody>
        <tr
          key="calendar-row-0"
        />
        <tr
          key="calendar-row-1"
        >
          <CalendarDay
            dayNumber={1}
            isToday={false}
            key="calendarDay-1"
            mealScheduleForDay={Array []}
            onClickDayHandler={[Function]}
          />
          <CalendarDay
            dayNumber={2}
            isToday={false}
            key="calendarDay-2"
            mealScheduleForDay={Array []}
            onClickDayHandler={[Function]}
          />
          <CalendarDay
            dayNumber={3}
            isToday={false}
            key="calendarDay-3"
            mealScheduleForDay={Array []}
            onClickDayHandler={[Function]}
          />
          <CalendarDay
            dayNumber={4}
            isToday={false}
            key="calendarDay-4"
            mealScheduleForDay={Array []}
            onClickDayHandler={[Function]}
          />
          <CalendarDay
            dayNumber={5}
            isToday={false}
            key="calendarDay-5"
            mealScheduleForDay={Array []}
            onClickDayHandler={[Function]}
          />
          <CalendarDay
            dayNumber={6}
            isToday={false}
            key="calendarDay-6"
            mealScheduleForDay={Array []}
            onClickDayHandler={[Function]}
          />
          <CalendarDay
            dayNumber={7}
            isToday={false}
            key="calendarDay-7"
            mealScheduleForDay={Array []}
            onClickDayHandler={[Function]}
          />
        </tr>
        <tr
          key="calendar-row-2"
        >
          <CalendarDay
            dayNumber={8}
            isToday={false}
            key="calendarDay-8"
            mealScheduleForDay={Array []}
            onClickDayHandler={[Function]}
          />
          <CalendarDay
            dayNumber={9}
            isToday={false}
            key="calendarDay-9"
            mealScheduleForDay={Array []}
            onClickDayHandler={[Function]}
          />
          <CalendarDay
            dayNumber={10}
            isToday={false}
            key="calendarDay-10"
            mealScheduleForDay={Array []}
            onClickDayHandler={[Function]}
          />
          <CalendarDay
            dayNumber={11}
            isToday={false}
            key="calendarDay-11"
            mealScheduleForDay={Array []}
            onClickDayHandler={[Function]}
          />
          <CalendarDay
            dayNumber={12}
            isToday={false}
            key="calendarDay-12"
            mealScheduleForDay={Array []}
            onClickDayHandler={[Function]}
          />
          <CalendarDay
            dayNumber={13}
            isToday={false}
            key="calendarDay-13"
            mealScheduleForDay={Array []}
            onClickDayHandler={[Function]}
          />
          <CalendarDay
            dayNumber={14}
            isToday={false}
            key="calendarDay-14"
            mealScheduleForDay={Array []}
            onClickDayHandler={[Function]}
          />
        </tr>
        <tr
          key="calendar-row-3"
        >
          <CalendarDay
            dayNumber={15}
            isToday={false}
            key="calendarDay-15"
            mealScheduleForDay={Array []}
            onClickDayHandler={[Function]}
          />
          <CalendarDay
            dayNumber={16}
            isToday={false}
            key="calendarDay-16"
            mealScheduleForDay={Array []}
            onClickDayHandler={[Function]}
          />
          <CalendarDay
            dayNumber={17}
            isToday={false}
            key="calendarDay-17"
            mealScheduleForDay={Array []}
            onClickDayHandler={[Function]}
          />
          <CalendarDay
            dayNumber={18}
            isToday={false}
            key="calendarDay-18"
            mealScheduleForDay={Array []}
            onClickDayHandler={[Function]}
          />
          <CalendarDay
            dayNumber={19}
            isToday={false}
            key="calendarDay-19"
            mealScheduleForDay={Array []}
            onClickDayHandler={[Function]}
          />
          <CalendarDay
            dayNumber={20}
            isToday={false}
            key="calendarDay-20"
            mealScheduleForDay={Array []}
            onClickDayHandler={[Function]}
          />
          <CalendarDay
            dayNumber={21}
            isToday={false}
            key="calendarDay-21"
            mealScheduleForDay={Array []}
            onClickDayHandler={[Function]}
          />
        </tr>
        <tr
          key="calendar-row-4"
        >
          <CalendarDay
            dayNumber={22}
            isToday={false}
            key="calendarDay-22"
            mealScheduleForDay={Array []}
            onClickDayHandler={[Function]}
          />
          <CalendarDay
            dayNumber={23}
            isToday={false}
            key="calendarDay-23"
            mealScheduleForDay={Array []}
            onClickDayHandler={[Function]}
          />
          <CalendarDay
            dayNumber={24}
            isToday={false}
            key="calendarDay-24"
            mealScheduleForDay={
              Array [
                Object {
                  "assembly_id": null,
                  "created_at": "2019-09-04T01:00:35.645Z",
                  "id": 1,
                  "item_id": 15,
                  "meal_time": "none",
                  "order_item_id": null,
                  "purchased": false,
                  "schedule_date": "2019-09-24T00:00:00.000Z",
                  "updated_at": "2019-09-04T01:00:35.645Z",
                },
                Object {
                  "assembly_id": 2,
                  "created_at": "2019-09-04T01:00:35.645Z",
                  "id": 2,
                  "item_id": null,
                  "meal_time": "none",
                  "order_item_id": null,
                  "purchased": false,
                  "schedule_date": "2019-09-24T00:00:00.000Z",
                  "updated_at": "2019-09-04T01:00:35.645Z",
                },
              ]
            }
            onClickDayHandler={[Function]}
          />
          <CalendarDay
            dayNumber={25}
            isToday={false}
            key="calendarDay-25"
            mealScheduleForDay={Array []}
            onClickDayHandler={[Function]}
          />
          <CalendarDay
            dayNumber={26}
            isToday={false}
            key="calendarDay-26"
            mealScheduleForDay={Array []}
            onClickDayHandler={[Function]}
          />
          <CalendarDay
            dayNumber={27}
            isToday={false}
            key="calendarDay-27"
            mealScheduleForDay={Array []}
            onClickDayHandler={[Function]}
          />
          <CalendarDay
            dayNumber={28}
            isToday={false}
            key="calendarDay-28"
            mealScheduleForDay={Array []}
            onClickDayHandler={[Function]}
          />
        </tr>
        <tr
          key="calendar-row-5"
        >
          <CalendarDay
            dayNumber={29}
            isToday={false}
            key="calendarDay-29"
            mealScheduleForDay={
              Array [
                Object {
                  "assembly_id": 2,
                  "created_at": "2019-09-03T01:00:35.645Z",
                  "id": 3,
                  "item_id": null,
                  "meal_time": "none",
                  "order_item_id": null,
                  "purchased": false,
                  "schedule_date": "2019-09-29T00:00:00.000Z",
                  "updated_at": "2019-09-07T01:00:35.645Z",
                },
              ]
            }
            onClickDayHandler={[Function]}
          />
          <CalendarDay
            dayNumber={30}
            isToday={false}
            key="calendarDay-30"
            mealScheduleForDay={Array []}
            onClickDayHandler={[Function]}
          />
          <td
            className="calendarTable-td"
            key="blankDay-0"
          >
            <div
              className="calendarTable-td-cell mix-calendarTable-td-cell_isEmpty"
            >
               
            </div>
          </td>
          <td
            className="calendarTable-td"
            key="blankDay-1"
          >
            <div
              className="calendarTable-td-cell mix-calendarTable-td-cell_isEmpty"
            >
               
            </div>
          </td>
          <td
            className="calendarTable-td"
            key="blankDay-2"
          >
            <div
              className="calendarTable-td-cell mix-calendarTable-td-cell_isEmpty"
            >
               
            </div>
          </td>
          <td
            className="calendarTable-td"
            key="blankDay-3"
          >
            <div
              className="calendarTable-td-cell mix-calendarTable-td-cell_isEmpty"
            >
               
            </div>
          </td>
          <td
            className="calendarTable-td"
            key="blankDay-4"
          >
            <div
              className="calendarTable-td-cell mix-calendarTable-td-cell_isEmpty"
            >
               
            </div>
          </td>
        </tr>
      </tbody>
    </table>
  </div>
</div>
`;
