// Jest Snapshot v1, https://goo.gl/fbAQLP

exports[`OrderList when called with 0 \`ordersByConcern\` renders correctly with valid props 1`] = `
<div>
  No orders to list!
</div>
`;

exports[`OrderList when called with more than 0 \`ordersByConcern\` renders correctly with valid props 1`] = `
<Fragment>
  <div
    className="vr_3"
    key="orderList-concern-Pending"
  >
    <div
      className="vr_1"
    >
      <h2
        className="hdg hdg_2"
      >
        Pending
      </h2>
    </div>
    <OrderCard
      limit={5}
      locationMap={
        Object {
          "1": Object {
            "city": "Elyria",
            "created_at": "2019-07-27T12:41:50.022Z",
            "id": 1,
            "name": "Dickinson and Sons",
            "state": "Yavin 4",
            "updated_at": "2019-07-27T12:41:50.022Z",
          },
          "2": Object {
            "city": "Gulltown",
            "created_at": "2019-07-27T12:41:50.027Z",
            "id": 2,
            "name": "Erdman-Abbott",
            "state": "Crait",
            "updated_at": "2019-07-27T12:41:50.027Z",
          },
        }
      }
      orderList={
        Array [
          Object {
            "created_at": "2019-07-27T12:41:50.579Z",
            "id": 3,
            "location_id": 2,
            "shopping_date": "2018-12-03T10:00:00.000Z",
            "status": "pending",
            "updated_at": "2019-07-27T12:41:50.579Z",
          },
        ]
      }
    />
  </div>
  <div
    className="vr_3"
    key="orderList-concern-Active"
  >
    <div
      className="vr_1"
    >
      <h2
        className="hdg hdg_2"
      >
        Active
      </h2>
    </div>
    <OrderCard
      limit={5}
      locationMap={
        Object {
          "1": Object {
            "city": "Elyria",
            "created_at": "2019-07-27T12:41:50.022Z",
            "id": 1,
            "name": "Dickinson and Sons",
            "state": "Yavin 4",
            "updated_at": "2019-07-27T12:41:50.022Z",
          },
          "2": Object {
            "city": "Gulltown",
            "created_at": "2019-07-27T12:41:50.027Z",
            "id": 2,
            "name": "Erdman-Abbott",
            "state": "Crait",
            "updated_at": "2019-07-27T12:41:50.027Z",
          },
        }
      }
      orderList={Array []}
    />
  </div>
  <div
    className="vr_3"
    key="orderList-concern-Complete"
  >
    <div
      className="vr_1"
    >
      <h2
        className="hdg hdg_2"
      >
        Complete
      </h2>
    </div>
    <OrderSimple
      limit={5}
      locationMap={
        Object {
          "1": Object {
            "city": "Elyria",
            "created_at": "2019-07-27T12:41:50.022Z",
            "id": 1,
            "name": "Dickinson and Sons",
            "state": "Yavin 4",
            "updated_at": "2019-07-27T12:41:50.022Z",
          },
          "2": Object {
            "city": "Gulltown",
            "created_at": "2019-07-27T12:41:50.027Z",
            "id": 2,
            "name": "Erdman-Abbott",
            "state": "Crait",
            "updated_at": "2019-07-27T12:41:50.027Z",
          },
        }
      }
      orderList={
        Array [
          Object {
            "created_at": "2019-07-27T12:41:50.579Z",
            "id": 4,
            "location_id": 1,
            "shopping_date": "2018-12-03T10:00:00.000Z",
            "status": "complete",
            "updated_at": "2019-07-27T12:41:50.579Z",
          },
          Object {
            "created_at": "2019-07-27T12:41:50.595Z",
            "id": 5,
            "location_id": 2,
            "shopping_date": "2020-05-24T10:00:00.000Z",
            "status": "complete",
            "updated_at": "2019-07-27T12:41:50.595Z",
          },
          Object {
            "created_at": "2019-07-27T12:41:50.595Z",
            "id": 6,
            "location_id": 2,
            "shopping_date": "2020-05-24T10:00:00.000Z",
            "status": "complete",
            "updated_at": "2019-07-27T12:41:50.595Z",
          },
          Object {
            "created_at": "2019-07-27T12:41:50.595Z",
            "id": 7,
            "location_id": 2,
            "shopping_date": "2020-05-24T10:00:00.000Z",
            "status": "complete",
            "updated_at": "2019-07-27T12:41:50.595Z",
          },
          Object {
            "created_at": "2019-07-27T12:41:50.595Z",
            "id": 8,
            "location_id": 2,
            "shopping_date": "2020-05-24T10:00:00.000Z",
            "status": "complete",
            "updated_at": "2019-07-27T12:41:50.595Z",
          },
          Object {
            "created_at": "2019-07-27T12:41:50.595Z",
            "id": 9,
            "location_id": 2,
            "shopping_date": "2020-05-24T10:00:00.000Z",
            "status": "complete",
            "updated_at": "2019-07-27T12:41:50.595Z",
          },
        ]
      }
    />
  </div>
</Fragment>
`;
