// Jest Snapshot v1, https://goo.gl/fbAQLP

exports[`Progress when \`currentCount\` < \`totalCount\` renders correctly with valid props 1`] = `
<div
  className="progress"
>
  <div
    className="progress-caption js-progress-currentCount"
  >
    10
  </div>
  <div
    className="progress-bar"
  >
    <div
      className="progress-bar-fill"
      style={
        Object {
          "width": "77%",
        }
      }
    >
      Â 
    </div>
  </div>
  <div
    className="progress-caption js-progress-totalCount"
  >
    13
  </div>
</div>
`;
