// Jest Snapshot v1, https://goo.gl/fbAQLP

exports[`Item renders correctly with valid props 1`] = `
<li
  className="js-item"
>
  <div
    className="listItem mix-listItem_flex"
  >
    <div
      className="listItem-content"
    >
      <div
        className="listItem-hd"
      >
        <h2
          className="hdg hdg_2"
        >
          <a
            className="link"
            href="items/15/edit"
          >
            Agave Syrup
          </a>
        </h2>
      </div>
      <div
        className="listItem-ft"
      >
        meat
      </div>
    </div>
    <div
      className="listItem-action"
    >
      <StepperContainer
        csrf="3yIq75tyV791TFkzSZo/S4b+TVa/N5J3dI14PzMUPviGViEGeDSnGnvNix+MaB0RB0XuV7bpX8I3SmIEAr4/zQ=="
        departmentId={5}
        isSubmitSuccess={false}
        isSubmitting={false}
        itemId={15}
        itemName="Agave Syrup"
        onSubmitHandler={[Function]}
      />
    </div>
  </div>
</li>
`;
